app/(dashboardGroup)/dashboard/bookings/page.tsx(117,122): error TS2339: Property 'title' does not exist on type 'Service'.
app/(dashboardGroup)/technician-dashboard/bookings/page.tsx(212,37): error TS2339: Property 'title' does not exist on type 'Service'.
app/(dashboardGroup)/technician-dashboard/bookings/page.tsx(372,47): error TS2339: Property 'title' does not exist on type 'Service'.
app/(dashboardGroup)/technician-dashboard/page.tsx(258,39): error TS2339: Property 'title' does not exist on type 'Service'.
app/(publicGroup)/booking/_components/booking-client.tsx(31,33): error TS2339: Property 'technicianId' does not exist on type 'Service | NoInfer<ApiResponse<Service>>'.
  Property 'technicianId' does not exist on type 'Service'.
app/(publicGroup)/booking/_components/booking-client.tsx(100,26): error TS2339: Property 'id' does not exist on type 'Service | NoInfer<ApiResponse<Service>>'.
  Property 'id' does not exist on type 'NoInfer<ApiResponse<Service>>'.
app/(publicGroup)/booking/_components/booking-client.tsx(103,22): error TS2339: Property 'startingPrice' does not exist on type 'Service | NoInfer<ApiResponse<Service>>'.
  Property 'startingPrice' does not exist on type 'NoInfer<ApiResponse<Service>>'.
app/(publicGroup)/booking/_components/booking-client.tsx(155,96): error TS2339: Property 'name' does not exist on type 'Service | NoInfer<ApiResponse<Service>>'.
  Property 'name' does not exist on type 'NoInfer<ApiResponse<Service>>'.
app/(publicGroup)/booking/_components/booking-client.tsx(156,90): error TS2339: Property 'description' does not exist on type 'Service | NoInfer<ApiResponse<Service>>'.
  Property 'description' does not exist on type 'NoInfer<ApiResponse<Service>>'.
app/(publicGroup)/booking/_components/booking-client.tsx(158,120): error TS2339: Property 'duration' does not exist on type 'Service | NoInfer<ApiResponse<Service>>'.
  Property 'duration' does not exist on type 'NoInfer<ApiResponse<Service>>'.
app/(publicGroup)/booking/_components/booking-client.tsx(159,117): error TS2339: Property 'startingPrice' does not exist on type 'Service | NoInfer<ApiResponse<Service>>'.
  Property 'startingPrice' does not exist on type 'NoInfer<ApiResponse<Service>>'.
app/(publicGroup)/booking/_components/booking-client.tsx(234,90): error TS2339: Property 'name' does not exist on type 'Service | NoInfer<ApiResponse<Service>>'.
  Property 'name' does not exist on type 'NoInfer<ApiResponse<Service>>'.
app/(publicGroup)/booking/_components/booking-client.tsx(235,83): error TS2339: Property 'startingPrice' does not exist on type 'Service | NoInfer<ApiResponse<Service>>'.
  Property 'startingPrice' does not exist on type 'NoInfer<ApiResponse<Service>>'.
app/(publicGroup)/booking/_components/booking-client.tsx(239,91): error TS2339: Property 'technician' does not exist on type 'Service | NoInfer<ApiResponse<Service>>'.
  Property 'technician' does not exist on type 'Service'.
app/(publicGroup)/reviews/page.tsx(147,76): error TS2339: Property 'title' does not exist on type 'Service'.
app/(publicGroup)/reviews/page.tsx(167,86): error TS2339: Property 'name' does not exist on type 'TechnicianProfile'.
app/(publicGroup)/services/[id]/page.tsx(10,37): error TS2307: Cannot find module '../reviews/_actions/reviewAction' or its corresponding type declarations.
app/(publicGroup)/services/[id]/page.tsx(73,52): error TS7006: Parameter 'r' implicitly has an 'any' type.
app/(publicGroup)/services/[id]/page.tsx(73,55): error TS7006: Parameter 'i' implicitly has an 'any' type.
